12.50	5	5	12	12	U	0	unclassified
87.50	35	0	4	2	R	1	root
50.00	20	10	5	1	D	2	  domain1
12.50	5	5	3	3	P	5	    phylum1
12.50	5	5	2	1	P	6	    phylum2
37.50	15	15	10	5	D	3	  domain2
