C	seq1	1	150	1:110
C	seq2	2	150	2:110
U	seq3	0	150	0:110
