C	seq1	1	150	1:110
C	seq2	2	150	2:110
C	seq3	3	150	3:110
C	seq4	3	150	3:110
U	seq5	0	150	0:110
C	seq6	1	150	1:110
C	seq7	2	150	2:110
C	seq8	4	150	4:110
